// Jest Snapshot v1, https://goo.gl/fbAQLP

exports[`Count Down Component Test Suite renders the countdown correctly 1`] = `
<div
  data-testid="counter"
>
  1 d 2 h 3 m 4 s
</div>
`;
